
08-02 13:21:42.003  2050  8519 I VrApi   : FPS=91/90,Prd=20ms,Tear=0,Early=0,Stale=1,Stale2/5/10/max=0/0/0/1,VSnc=1,Lat=-4,Fov=0,CPU4/GPU=2/3,1920/545MHz,OC=3F,TA=0/38/0,SP=N/F/N,Mem=2736MHz,Free=3928MB,PLS=0,Temp=43.0C/0.0C,TW=1.56ms,App=1.99ms,GD=0.00ms,CPU&GPU=4.07ms,LCnt=6(DR91,LM2),GPU%=0.36,CPU%=0.55(W0.55),DSF=1.04,CFL=9.87/16.01,ICFLp95=14.39,LD=0,SF=1.00,LP=0,DVFS=0
08-02 13:21:43.041  2050  8519 I VrApi   : FPS=89/90,Prd=21ms,Tear=0,Early=1,Stale=1,Stale2/5/10/max=0/0/0/1,VSnc=1,Lat=-4,Fov=0,CPU4/GPU=2/3,1920/545MHz,OC=3F,TA=0/38/0,SP=N/F/N,Mem=3196MHz,Free=3821MB,PLS=0,Temp=43.0C/0.0C,TW=1.50ms,App=2.03ms,GD=0.00ms,CPU&GPU=3.52ms,LCnt=6(DR90,LM2),GPU%=0.34,CPU%=0.36(W0.40),DSF=1.04,CFL=10.25/15.27,ICFLp95=13.94,LD=0,SF=1.00,LP=0,DVFS=0
08-02 13:21:43.249  1975  2566 D [SEO] ShellApplication: startActivity Intent { act=android.intent.action.MAIN cat=[android.intent.category.LAUNCHER] flg=0x10010000 pkg=com.AtlargeResearch.Opencraft2 cmp=com.AtlargeResearch.Opencraft2/com.unity3d.player.UnityPlayerActivity (has extras) }
08-02 13:21:43.250  1080  8032 I ActivityTaskManager: START u0 {act=android.intent.action.MAIN cat=[android.intent.category.LAUNCHER] flg=0x10010000 pkg=com.AtlargeResearch.Opencraft2 cmp=com.AtlargeResearch.Opencraft2/com.unity3d.player.UnityPlayerActivity (has extras)} from uid 10033
08-02 13:21:43.282  1080  1125 I ActivityManager: Start proc 8669:com.AtlargeResearch.Opencraft2/u0a133 for pre-top-activity {com.AtlargeResearch.Opencraft2/com.unity3d.player.UnityPlayerActivity}
08-02 13:21:43.397  8669  8669 D Unity   : CommandLine:  
08-02 13:21:43.409  8669  8669 I Unity   : onResume
08-02 13:21:43.438  8669  8695 D Unity   : SetWindow 0 0xb400007e08197010
08-02 13:21:43.438  8669  8695 D Unity   : SetWindow 0 0xb400007e08197010
08-02 13:21:43.444  1080  1112 I ActivityTaskManager: Displayed com.AtlargeResearch.Opencraft2/com.unity3d.player.UnityPlayerActivity: +190ms
08-02 13:21:43.512  8669  8669 I Unity   : windowFocusChanged: true
08-02 13:21:43.517  8669  8695 I Unity   : MemoryManager: Using 'Dynamic Heap' Allocator.
08-02 13:21:43.517  8669  8695 D Unity   : [UnityMemory] Configuration Parameters - Can be set up in boot.config
08-02 13:21:43.517  8669  8695 D Unity   :     "memorysetup-allocator-temp-initial-block-size-main=262144"
08-02 13:21:43.517  8669  8695 D Unity   :     "memorysetup-allocator-temp-initial-block-size-worker=262144"
08-02 13:21:43.517  8669  8695 D Unity   :     "memorysetup-bucket-allocator-granularity=16"
08-02 13:21:43.517  8669  8695 D Unity   :     "memorysetup-bucket-allocator-bucket-count=8"
08-02 13:21:43.517  8669  8695 D Unity   :     "memorysetup-bucket-allocator-block-size=4194304"
08-02 13:21:43.517  8669  8695 D Unity   :     "memorysetup-bucket-allocator-block-count=1"
08-02 13:21:43.517  8669  8695 D Unity   :     "memorysetup-main-allocator-block-size=16777216"
08-02 13:21:43.517  8669  8695 D Unity   :     "memorysetup-thread-allocator-block-size=16777216"
08-02 13:21:43.517  8669  8695 D Unity   :     "memorysetup-gfx-main-allocator-block-size=16777216"
08-02 13:21:43.517  8669  8695 D Unity   :     "memorysetup-gfx-thread-allocator-block-size=16777216"
08-02 13:21:43.517  8669  8695 D Unity   :     "memorysetup-cache-allocator-block-size=4194304"
08-02 13:21:43.517  8669  8695 D Unity   :     "memorysetup-typetree-allocator-block-size=2097152"
08-02 13:21:43.517  8669  8695 D Unity   :     "memorysetup-profiler-bucket-allocator-granularity=16"
08-02 13:21:43.517  8669  8695 D Unity   :     "memorysetup-profiler-bucket-allocator-bucket-count=8"
08-02 13:21:43.517  8669  8695 D Unity   :     "memorysetup-profiler-bucket-allocator-block-size=4194304"
08-02 13:21:43.517  8669  8695 D Unity   :     "memorysetup-profiler-bucket-allocator-block-count=1"
08-02 13:21:43.517  8669  8695 D Unity   :     "memorysetup-profiler-allocator-block-size=16777216"
08-02 13:21:43.517  8669  8695 D Unity   :     "memorysetup-profiler-editor-allocator-block-size=1048576"
08-02 13:21:43.517  8669  8695 D Unity   :     "memorysetup-temp-allocator-size-main=4194304"
08-02 13:21:43.517  8669  8695 D Unity   :     "memorysetup-job-temp-allocator-block-size=2097152"
08-02 13:21:43.517  8669  8695 D Unity   :     "memorysetup-job-temp-allocator-block-size-background=1048576"
08-02 13:21:43.517  8669  8695 D Unity   :     "memorysetup-job-temp-allocator-reduction-small-platforms=262144"
08-02 13:21:43.517  8669  8695 D Unity   :     "memorysetup-temp-allocator-size-background-worker=32768"
08-02 13:21:43.517  8669  8695 D Unity   :     "memorysetup-temp-allocator-size-job-worker=262144"
08-02 13:21:43.517  8669  8695 D Unity   :     "memorysetup-temp-allocator-size-preload-manager=262144"
08-02 13:21:43.517  8669  8695 D Unity   :     "memorysetup-temp-allocator-size-nav-mesh-worker=65536"
08-02 13:21:43.517  8669  8695 D Unity   :     "memorysetup-temp-allocator-size-audio-worker=65536"
08-02 13:21:43.517  8669  8695 D Unity   :     "memorysetup-temp-allocator-size-cloud-worker=32768"
08-02 13:21:43.517  8669  8695 D Unity   :     "memorysetup-temp-allocator-size-gfx=262144"
08-02 13:21:43.534  8669  8695 D Unity   : Enabling Unity systrace
08-02 13:21:43.550  8669  8695 D Unity   : [VFS] Mount /data/app/~~YYAGnNxcddO4q3u10QZhQg==/com.AtlargeResearch.Opencraft2-m4hWV-35ALGOQkjNa7OejA==/base.apk
08-02 13:21:43.550  8669  8695 D Unity   : Loading player data from /data/app/~~YYAGnNxcddO4q3u10QZhQg==/com.AtlargeResearch.Opencraft2-m4hWV-35ALGOQkjNa7OejA==/base.apk/assets/bin/Data/data.unity3d
08-02 13:21:43.557  8669  8695 I Unity   : SystemInfo CPU = ARM64 FP ASIMD AES, Cores = 3, Memory = 7732mb
08-02 13:21:43.557  8669  8695 I Unity   : SystemInfo ARM big.LITTLE configuration: 3 big (mask: 0x38), 0 little (mask: 0x0)
08-02 13:21:43.557  8669  8695 I Unity   : XR UsableCoreMask: 0x38
08-02 13:21:43.558  8669  8695 I Unity   : ApplicationInfo com.AtlargeResearch.Opencraft2 version 0.1.0
08-02 13:21:43.558  8669  8695 I Unity   : Built from '2022.3/staging' branch, Version '2022.3.24f1 (334eb2a0b267)', Build type 'Development', Scripting Backend 'il2cpp', CPU 'arm64-v8a', Stripping 'Enabled'
08-02 13:21:43.559  8669  8695 D Unity   : Determine if il2cpp resources need to extracted:
08-02 13:21:43.559  8669  8695 D Unity   :     il2cpp resources are up to date, not extracting
08-02 13:21:44.384  8669  8695 D Unity   : [EGL] Attaching window :0xb400007e08197010
08-02 13:21:44.385  8669  8695 D Unity   : InitializeScriptEngine OK (0x7e05624fc0)
08-02 13:21:44.386  8669  8695 D Unity   : Found 1 interfaces on host :
08-02 13:21:44.386  8669  8695 D Unity   :  0) 192.168.1.169
08-02 13:21:44.386  8669  8695 D Unity   : 
08-02 13:21:44.386  8669  8695 D Unity   : Player connection [539749345648] Multi-casting "[IP] 192.168.1.169 [Port] 55000 [Flags] 2 [Guid] 2549995961 [EditorId] 3308901420 [Version] 1048832 [Id] AndroidPlayer(11,Oculus_Quest@192.168.1.169) [Debug] 0 [PackageName] AndroidPlayer [ProjectName] Opencraft-BleedingEdge" to [225.0.0.222:54997]...
08-02 13:21:44.386  8669  8695 D Unity   : 
08-02 13:21:44.396  8669  8695 D Unity   : [Physics::Module] Initialized MultithreadedJobDispatcher with 2 workers.
08-02 13:21:44.396  8669  8695 D Unity   : Loading player data from assets/bin/Data/data.unity3d
08-02 13:21:44.406  8669  8695 D Unity   : PlayerInitEngineNoGraphics OK
08-02 13:21:44.406  8669  8695 I Unity   : Company Name: AtLargeResearch
08-02 13:21:44.406  8669  8695 I Unity   : Product Name: Opencraft-BleedingEdge
08-02 13:21:44.406  8669  8695 D Unity   : AndroidGraphics::Startup window =  0xb400007e08197010
08-02 13:21:44.406  8669  8695 D Unity   : [EGL] Attaching window :0xb400007e08197010
08-02 13:21:44.408  8669  8695 D Unity   : loading library OVRPlugin
08-02 13:21:44.411  8669  8695 D Unity   : [Subsystems] Discovering subsystems at path /data/app/~~YYAGnNxcddO4q3u10QZhQg==/com.AtlargeResearch.Opencraft2-m4hWV-35ALGOQkjNa7OejA==/base.apk/assets/bin/Data/UnitySubsystems
08-02 13:21:44.411  8669  8695 D Unity   : [Subsystems] No descriptors matched for  examples in /data/app/~~YYAGnNxcddO4q3u10QZhQg==/com.AtlargeResearch.Opencraft2-m4hWV-35ALGOQkjNa7OejA==/base.apk/assets/bin/Data/UnitySubsystems/OculusXRPlugin/UnitySubsystemsManifest.json.
08-02 13:21:44.411  8669  8695 D Unity   : [Subsystems] 1 'inputs' descriptors matched in /data/app/~~YYAGnNxcddO4q3u10QZhQg==/com.AtlargeResearch.Opencraft2-m4hWV-35ALGOQkjNa7OejA==/base.apk/assets/bin/Data/UnitySubsystems/OculusXRPlugin/UnitySubsystemsManifest.json
08-02 13:21:44.411  8669  8695 D Unity   : [Subsystems] 1 'displays' descriptors matched in /data/app/~~YYAGnNxcddO4q3u10QZhQg==/com.AtlargeResearch.Opencraft2-m4hWV-35ALGOQkjNa7OejA==/base.apk/assets/bin/Data/UnitySubsystems/OculusXRPlugin/UnitySubsystemsManifest.json
08-02 13:21:44.411  8669  8695 D Unity   : [Subsystems] No descriptors matched for  meshings in /data/app/~~YYAGnNxcddO4q3u10QZhQg==/com.AtlargeResearch.Opencraft2-m4hWV-35ALGOQkjNa7OejA==/base.apk/assets/bin/Data/UnitySubsystems/OculusXRPlugin/UnitySubsystemsManifest.json.
08-02 13:21:44.418  8669  8695 D Unity   : [EGL] Request: ES 3.2 RGB 000 0/0
08-02 13:21:44.418  8669  8695 D Unity   : [EGL] Checking ES 3.2 support...
08-02 13:21:44.419  8669  8695 D Unity   : [EGL] ES 3.2 support detected
08-02 13:21:44.419  8669  8695 D Unity   : [EGL] Found: ID[1] ES 3.2 RGB 565 0/0
08-02 13:21:44.419  8669  8695 D Unity   : GfxDevice: creating device client; threaded=1; jobified=0
08-02 13:21:44.419  8669  8695 D Unity   : [EGL] Request: ES 3.2 RGB 000 0/0
08-02 13:21:44.419  8669  8695 D Unity   : [EGL] Found: ID[1] ES 3.2 RGB 565 0/0
08-02 13:21:44.419  8669  8695 D Unity   : [EGL] Request: ES 3.0 RGBA 8888 0/0
08-02 13:21:44.420  8669  8695 D Unity   : [EGL] Found: ID[9] ES 3.0 RGBA 8888 0/0
08-02 13:21:44.421  8669  8695 D Unity   : ANativeWindow: (4128/2208) RequestedResolution: (0/0) RenderingResolution: (0/0) EGLSurface: (4128/2208)
08-02 13:21:44.423  8669  8695 D Unity   : Renderer: Adreno (TM) 740
08-02 13:21:44.423  8669  8695 D Unity   : Vendor:   Qualcomm
08-02 13:21:44.423  8669  8695 D Unity   : Version:  OpenGL ES 3.2 V@0767.0 (GIT@b0ed28cdeb, I87200b92e5, 1709271149) (Date:02/29/24)
08-02 13:21:44.423  8669  8695 D Unity   : GLES:     3
08-02 13:21:44.423  8669  8695 D Unity   :  GL_OES_EGL_image GL_OES_EGL_image_external GL_OES_EGL_sync GL_OES_vertex_half_float GL_OES_framebuffer_object GL_OES_rgb8_rgba8 GL_OES_compressed_ETC1_RGB8_texture GL_AMD_compressed_ATC_texture GL_KHR_texture_compression_astc_sliced_3d GL_KHR_texture_compression_astc_ldr GL_KHR_texture_compression_astc_hdr GL_OES_texture_compression_astc GL_EXT_texture_compression_s3tc GL_EXT_texture_compression_s3tc_srgb GL_EXT_texture_compression_rgtc GL_EXT_texture_compression_bptc GL_OES_texture_npot GL_EXT_texture_filter_anisotropic GL_EXT_texture_format_BGRA8888 GL_EXT_read_format_bgra GL_OES_texture_3D GL_EXT_color_buffer_float GL_EXT_color_buffer_half_float GL_EXT_float_blend GL_QCOM_alpha_test GL_OES_depth24 GL_OES_packed_depth_stencil GL_OES_depth_texture GL_OES_depth_texture_cube_map GL_EXT_sRGB GL_OES_texture_float GL_OES_texture_float_linear GL_OES_texture_half_float GL_OES_texture_half_float_linear GL_EXT_texture_type_2_10_10_10_REV GL_EXT_texture_sRGB_decode GL_EXT_texture_compression_astc_decode_mode GL_EXT_
08-02 13:21:44.423  8669  8695 D Unity   : texture_mirror_clamp_to_edge GL_EXT_texture_format_sRGB_override GL_OES_element_index_uint GL_EXT_copy_image GL_EXT_geometry_shader GL_EXT_tessellation_shader GL_OES_texture_stencil8 GL_EXT_shader_io_blocks GL_OES_shader_image_atomic GL_OES_sample_variables GL_EXT_texture_border_clamp GL_EXT_EGL_image_external_wrap_modes GL_EXT_multisampled_render_to_texture GL_EXT_multisampled_render_to_texture2 GL_OES_shader_multisample_interpolation GL_EXT_texture_cube_map_array GL_EXT_draw_buffers_indexed GL_EXT_gpu_shader5 GL_EXT_robustness GL_EXT_texture_buffer GL_EXT_shader_framebuffer_fetch GL_ARM_shader_framebuffer_fetch_depth_stencil GL_OES_texture_storage_multisample_2d_array GL_OES_sample_shading GL_OES_get_program_binary GL_EXT_debug_label GL_KHR_blend_equation_advanced GL_KHR_blend_equation_advanced_coherent GL_QCOM_tiled_rendering GL_ANDROID_extension_pack_es31a GL_EXT_primitive_bounding_box GL_OES_standard_derivatives GL_OES_vertex_array_object GL_EXT_disjoint_timer_query GL_KHR_debug GL_EXT_YUV_target GL_EXT
08-02 13:21:44.423  8669  8695 D Unity   : _sRGB_write_control GL_EXT_texture_norm16 GL_EXT_discard_framebuffer GL_OES_surfaceless_context GL_OVR_multiview GL_OVR_multiview2 GL_EXT_texture_sRGB_R8 GL_KHR_no_error GL_EXT_debug_marker GL_OES_EGL_image_external_essl3 GL_OVR_multiview_multisampled_render_to_texture GL_EXT_buffer_storage GL_EXT_external_buffer GL_EXT_blit_framebuffer_params GL_EXT_clip_cull_distance GL_EXT_protected_textures GL_EXT_shader_non_constant_global_initializers GL_QCOM_texture_foveated GL_QCOM_texture_foveated2 GL_QCOM_texture_foveated_subsampled_layout GL_QCOM_shader_framebuffer_fetch_noncoherent GL_QCOM_shader_framebuffer_fetch_rate GL_EXT_memory_object GL_EXT_memory_object_fd GL_EXT_EGL_image_array GL_NV_shader_noperspective_interpolation GL_KHR_robust_buffer_access_behavior GL_EXT_EGL_image_storage GL_EXT_blend_func_extended GL_EXT_clip_control GL_OES_texture_view GL_EXT_fragment_invocation_density GL_QCOM_motion_estimation GL_QCOM_validate_shader_binary GL_QCOM_YUV_texture_gather GL_QCOM_shading_rate GL_QCOM_frame_extrapola
08-02 13:21:44.423  8669  8695 D Unity   : tion GL_QCOM_texture_lod_bias GL_IMG_texture_filter_cubic GL_QCOM_render_shared_exponent GL_EXT_polygon_offset_clamp GL_EXT_texture_sRGB_RG8 GL_EXT_depth_clamp GL_EXT_fragment_shading_rate GL_EXT_fragment_shading_rate_primitive GL_EXT_fragment_shading_rate_attachment GL_EXT_shader_implicit_conversions GL_EXT_render_snorm GL_QCOM_render_sRGB_R8_RG8
08-02 13:21:44.425  8669  8695 D Unity   : OPENGL LOG: Creating OpenGL ES 3.2 graphics device ; Context level  <OpenGL ES 3.2> ; Context handle -1608613632
08-02 13:21:44.426  8669  8695 D Unity   : [EGL] Attaching window :0xb400007e08197010
08-02 13:21:44.426  8669  8695 D Unity   : [EGL] Attaching window :0xb400007e08197010
08-02 13:21:44.426  8669  8695 D Unity   : Initialize engine version: 2022.3.24f1 (334eb2a0b267)
08-02 13:21:44.594  8669  8695 I Unity   : XRGeneral Settings awakening...
08-02 13:21:44.594  8669  8695 I Unity   : UnityEngine.XR.Management.XRGeneralSettings:Awake()
08-02 13:21:44.594  8669  8695 I Unity   : 
08-02 13:21:44.726  8669  8695 D Unity   : Failed to load native plugin: Unable to lookup library path for '_burst_0_0'.
08-02 13:21:44.924  8669  8695 D Unity   : [XR] OculusXRPlugin: registering subsystems
08-02 13:21:44.924  8669  8695 D Unity   : [Subsystems] OculusXRPlugin successfully registered Provider for oculus display
08-02 13:21:44.924  8669  8695 D Unity   : [XR] Oculus Input lifecycle provider registered.
08-02 13:21:44.924  8669  8695 D Unity   : [Subsystems] OculusXRPlugin successfully registered Provider for oculus input
08-02 13:21:44.924  8669  8695 D Unity   : [Subsystems] OculusXRPlugin successfully registered Provider for oculus display
08-02 13:21:44.926  8669  8695 I OVRPlugin: CompositorOpenXR::PreInitialize: use default UnityPlayer activity
08-02 13:21:44.960  8669  8695 I DriverLoader: Calling into SetLegacyVrApiEntryPointOverride
08-02 13:21:44.960  8669  8695 I VrApi_DriverLoader: SetLegacyVrApiEntryPointOverride: calling sprintf
08-02 13:21:44.960  8669  8695 I VrApi_DriverLoader: SetLegacyVrApiEntryPointOverride: env buffer is '0x7c42f18808'
08-02 13:21:44.960  8669  8695 I VrApi_DriverLoader: SetLegacyVrApiEntryPointOverride: calling setenv
08-02 13:21:44.960  8669  8695 I DriverLoader: Calling RegisterNativeVrApiLoaderMethods
08-02 13:21:44.960  8669  8695 I VrApi_DriverLoader: RegisterNativeVrApiLoaderMethods: calling RegisterNatives
08-02 13:21:44.960  8669  8695 I OpenXR_DriverLoader: RegisterNativeVrApiLoaderMethods: calling RegisterNatives
08-02 13:21:44.972  8669  8669 W UnityMain: type=1400 audit(0.0:201): avc: denied { search } for name="soc0" dev="sysfs" ino=66303 scontext=u:r:untrusted_app:s0:c133,c256,c512,c768 tcontext=u:object_r:vendor_sysfs_soc:s0 tclass=dir permissive=0 app=com.AtlargeResearch.Opencraft2
08-02 13:21:44.972  8669  8669 W UnityMain: type=1400 audit(0.0:202): avc: denied { search } for name="soc0" dev="sysfs" ino=66303 scontext=u:r:untrusted_app:s0:c133,c256,c512,c768 tcontext=u:object_r:vendor_sysfs_soc:s0 tclass=dir permissive=0 app=com.AtlargeResearch.Opencraft2
08-02 13:21:44.972  8669  8669 W UnityMain: type=1400 audit(0.0:203): avc: denied { search } for name="soc0" dev="sysfs" ino=66303 scontext=u:r:untrusted_app:s0:c133,c256,c512,c768 tcontext=u:object_r:vendor_sysfs_soc:s0 tclass=dir permissive=0 app=com.AtlargeResearch.Opencraft2
08-02 13:21:44.972  8669  8669 W UnityMain: type=1400 audit(0.0:204): avc: denied { search } for name="soc0" dev="sysfs" ino=66303 scontext=u:r:untrusted_app:s0:c133,c256,c512,c768 tcontext=u:object_r:vendor_sysfs_soc:s0 tclass=dir permissive=0 app=com.AtlargeResearch.Opencraft2
08-02 13:21:44.996  8669  8669 W UnityMain: type=1400 audit(0.0:205): avc: denied { search } for name="soc0" dev="sysfs" ino=66303 scontext=u:r:untrusted_app:s0:c133,c256,c512,c768 tcontext=u:object_r:vendor_sysfs_soc:s0 tclass=dir permissive=0 app=com.AtlargeResearch.Opencraft2
08-02 13:21:45.006  8669  8695 D Unity   : [XR] Oculus settings : 
08-02 13:21:45.006  8669  8695 D Unity   : 	Shared Depth Buffer: Yes
08-02 13:21:45.006  8669  8695 D Unity   : 	Dash Support: Yes
08-02 13:21:45.006  8669  8695 D Unity   : 	Requested Stereo Rendering Mode Multiview
08-02 13:21:45.006  8669  8695 D Unity   : 	Color Space: Linear
08-02 13:21:45.006  8669  8695 D Unity   : 	Low Overhead Mode: Yes
08-02 13:21:45.006  8669  8695 D Unity   : 	Optimize Buffer Discards: Yes
08-02 13:21:45.006  8669  8695 D Unity   : 	Symmetric Projection: Yes
08-02 13:21:45.006  8669  8695 D Unity   : 	Subsampled Layout: No
08-02 13:21:45.006  8669  8695 D Unity   : 	Foveated Rendering Method: Fixed Foveated Rendering
08-02 13:21:45.006  8669  8695 D Unity   : 	Late Latching: No
08-02 13:21:45.006  8669  8695 D Unity   : 	Late Latching Debug: No
08-02 13:21:45.006  8669  8695 D Unity   : 	Enable TrackingOrigin Stage Mode: No
08-02 13:21:45.006  8669  8695 D Unity   : 	Depth Testing: No
08-02 13:21:45.013  8669  8695 D Unity   : [Subsystems] Loading plugin OculusXRPlugin for subsystem oculus display...
08-02 13:21:45.040  8669  8695 D Unity   : [Subsystems] Loading plugin OculusXRPlugin for subsystem oculus input...
08-02 13:21:45.062  8669  8695 D Unity   : PlayerInitEngineGraphics OK
08-02 13:21:45.063  8669  8695 D Unity   : New input system (experimental) initialized
08-02 13:21:45.069  8669  8695 W Unity   : Orientation Listener cannot detect orientation.
08-02 13:21:45.088  8669  8695 D Unity   : [XR] Oculus XR Plugin Display Start
08-02 13:21:45.089  8669  8695 W Unity   : [XR] Depth Submission is only supported on Vulkan with Multiview.
08-02 13:21:45.089  8669  8695 D Unity   : initOculus Java!
08-02 13:21:45.089  8669  8695 D Unity   : [XR] XR ETFR Supported:0
08-02 13:21:45.089  8669  8751 D Unity   : [XR] Unity will render to eye texture(s) of format: Texture Array
08-02 13:21:45.089  8669  8751 D Unity   : [XR] The Oculus eye layer has texture(s) of format: Texture Array
08-02 13:21:45.089  8669  8669 D Unity   : Oculus UI thread done.
08-02 13:21:45.089  8669  8669 D Unity   : [XR] Android view surface created!
08-02 13:21:45.089  8669  8669 D Unity   : [XR] Oculus XR Plugin Window  8197010
08-02 13:21:45.089  8669  8751 D Unity   : [XR] EGL successfully loaded.
08-02 13:21:45.154  8669  8751 D Unity   : [XR] Oculus Context Setup for GLES: d2438240 a01e8100 8197010 0
08-02 13:21:45.155  8669  8751 W Unity   : [XR] Symmetric Projection is only supported on Quest 2 with Vulkan and Multiview.
08-02 13:21:45.157  8669  8695 D Unity   : Choreographer available: Enabling VSYNC timing
08-02 13:21:45.196  8669  8751 D Unity   : [XR] Rendering directly to eye textures.
08-02 13:21:45.201  8669  8751 D Unity   : RequestCreateTexture
08-02 13:21:45.201  8669  8751 D Unity   : RequestCreateTexture
08-02 13:21:45.201  8669  8751 D Unity   : RequestCreateTexture
08-02 13:21:45.201  8669  8751 D Unity   : [XR] Failed to get line loop data for calculating visible rectangle.
08-02 13:21:45.201  8669  8751 D Unity   : [XR] Failed to get occlusion mesh
08-02 13:21:45.201  8669  8751 D Unity   : [XR] Failed to get occlusion mesh
08-02 13:21:45.213  8669  8695 D Unity   : SetupRenderTextureFromXRRequest (id: 1 col: 0x4e d: 0x0 sr: 0x0)
08-02 13:21:45.213  8669  8695 D Unity   : RenderTexture::Create (id: 1)
08-02 13:21:45.214  8669  8751 D Unity   : IVRDeviceCallback_CreateEyeTextureResources 0x4e
08-02 13:21:45.214  8669  8695 D Unity   : SetupRenderTextureFromXRRequest (id: 2 col: 0x4f d: 0x0 sr: 0x0)
08-02 13:21:45.214  8669  8695 D Unity   : RenderTexture::Create (id: 2)
08-02 13:21:45.214  8669  8751 D Unity   : IVRDeviceCallback_CreateEyeTextureResources 0x4f
08-02 13:21:45.214  8669  8695 D Unity   : SetupRenderTextureFromXRRequest (id: 3 col: 0x50 d: 0x0 sr: 0x0)
08-02 13:21:45.214  8669  8695 D Unity   : RenderTexture::Create (id: 3)
08-02 13:21:45.214  8669  8751 D Unity   : IVRDeviceCallback_CreateEyeTextureResources 0x50
08-02 13:21:45.372  8669  8695 D Unity   : Uploaded shader variant to the GPU driver: Hidden/Universal Render Pipeline/ScreenSpaceAmbientOcclusion, pass: SSAO_Occlusion, stage: all, keywords STEREO_MULTIVIEW_ON _BLUE_NOISE _SAMPLE_COUNT_LOW _SOURCE_DEPTH_NORMALS
08-02 13:21:45.374  8669  8695 D Unity   : Uploaded shader variant to the GPU driver: Hidden/Universal Render Pipeline/ScreenSpaceAmbientOcclusion, pass: SSAO_Kawase, stage: all, keywords STEREO_MULTIVIEW_ON
08-02 13:21:45.378  8669  8695 D Unity   : Uploaded shader variant to the GPU driver: Hidden/Internal-GUITexture, pass: <Unnamed Pass 0>, stage: all, keywords STEREO_MULTIVIEW_ON
08-02 13:21:45.386  8669  8751 E Unity   : OPENGL NATIVE PLUG-IN ERROR: GL_INVALID_VALUE: Numeric argument out of range
08-02 13:21:45.386  8669  8751 E Unity   :  #0 0x7da71dd1a8 (libunity.so) GetStacktrace(int) 0x44
08-02 13:21:45.386  8669  8751 E Unity   :  #1 0x7da78aedb0 (libunity.so) DebugStringToFile(DebugStringToFileData const&) 0x234
08-02 13:21:45.386  8669  8751 E Unity   :  #2 0x7da76e0400 (libunity.so) LogGLES(char const*, char const*, char const*, long) 0x250
08-02 13:21:45.386  8669  8751 E Unity   :  #3 0x7da76e0590 (libunity.so) CheckErrorGLES(ApiGLES const*, char const*, char const*, long) 0xd8
08-02 13:21:45.386  8669  8751 E Unity   :  #4 0x7da74d12bc (libunity.so) XRDisplaySubsystem::GfxThread::AfterRendering() 0x5c
08-02 13:21:45.386  8669  8751 E Unity   :  #5 0x7da769f0ec (libunity.so) GfxDevice::InsertCustomMarkerCallbackAndDataWithFlags(void (*)(int, void*), int, CustomMarkerCallbackFlags, void*, unsigned long) 0x20
08-02 13:21:45.386  8669  8751 E Unity   :  #6 0x7da78e0550 (libunity.so) GfxDeviceWorker::RunCommand(ThreadedStreamBuffer&) 0x7dd8
08-02 13:21:45.386  8669  8751 E Unity   :  #7 0x7da78d8710 (libunity.so) GfxDeviceWorker::RunExt(ThreadedStreamBuffer&) 0x54
08-02 13:21:45.386  8669  8751 E Unity   :  #8 0x7da78d86b0 (libunity.so) GfxDeviceWorker::Run() 0x8c
08-02 13:21:45.386  8669  8751 E Unity   :  #9 0x7da78d8434 (libunity.so) GfxDeviceWorker::RunGfxDeviceWorker(void*) 0x4
08-02 13:21:45.386  8669  8751 E Unity   :  #10 0x7da7034c10 (libunity.so) Thread::RunThreadWrapper(v
08-02 13:21:45.409  1080  1112 I ActivityTaskManager: Fully drawn com.AtlargeResearch.Opencraft2/com.unity3d.player.UnityPlayerActivity: +2s158ms
08-02 13:21:47.020  8669  8811 I VrApi   : FPS=65/72,Prd=54ms,Tear=0,Early=94,Stale=25,Stale2/5/10/max=1/1/1/228,VSnc=1,Lat=-4,Fov=0,CPU4/GPU=4/3,1920/492MHz,OC=3F,TA=0/38/38,SP=N/F/F,Mem=1708MHz,Free=4096MB,PLS=0,Temp=43.0C/0.0C,TW=0.70ms,App=1.68ms,GD=0.00ms,CPU&GPU=4.31ms,LCnt=2(DR0,LM0),GPU%=0.20,CPU%=0.17(W0.24),DSF=1.04,CFL=10.98/18.17,ICFLp95=17.17,LD=0,SF=1.00,LP=0,DVFS=0
08-02 13:21:48.000  8669  8811 I VrApi   : FPS=72/72,Prd=21ms,Tear=0,Early=0,Stale=0,Stale2/5/10/max=0/0/0/0,VSnc=1,Lat=-4,Fov=0,CPU4/GPU=4/3,1920/492MHz,OC=3F,TA=0/38/38,SP=N/F/F,Mem=2092MHz,Free=4096MB,PLS=0,Temp=43.0C/0.0C,TW=0.76ms,App=1.78ms,GD=0.00ms,CPU&GPU=4.33ms,LCnt=1(DR67,LM0),GPU%=0.20,CPU%=0.21(W0.30),DSF=1.04,CFL=9.61/17.09,ICFLp95=14.08,LD=0,SF=1.00,LP=0,DVFS=0
08-02 13:21:49.000  8669  8811 I VrApi   : FPS=73/72,Prd=22ms,Tear=0,Early=0,Stale=0,Stale2/5/10/max=0/0/0/0,VSnc=1,Lat=-4,Fov=0,CPU4/GPU=4/3,1920/492MHz,OC=3F,TA=0/38/38,SP=N/F/F,Mem=1708MHz,Free=4096MB,PLS=0,Temp=43.0C/0.0C,TW=0.92ms,App=1.91ms,GD=0.51ms,CPU&GPU=4.99ms,LCnt=2(DR73,LM2),GPU%=0.25,CPU%=0.12(W0.21),DSF=1.04,CFL=9.51/16.97,ICFLp95=15.86,LD=0,SF=1.00,LP=0,DVFS=0
08-02 13:21:49.683  8669  8695 D Unity   : UnloadTime: 2.053386 ms
08-02 13:21:50.000  8669  8811 I VrApi   : FPS=73/72,Prd=22ms,Tear=0,Early=0,Stale=0,Stale2/5/10/max=0/0/0/0,VSnc=1,Lat=-4,Fov=0,CPU4/GPU=4/3,1920/492MHz,OC=3F,TA=0/38/38,SP=N/N/N,Mem=1708MHz,Free=4096MB,PLS=0,Temp=43.0C/0.0C,TW=0.92ms,App=1.91ms,GD=0.51ms,CPU&GPU=4.99ms,LCnt=2(DR73,LM2),GPU%=0.25,CPU%=0.12(W0.21),DSF=1.04,CFL=9.51/16.97,ICFLp95=15.86,LD=0,SF=1.00,LP=0,DVFS=0
08-02 13:21:50.542  8669  8695 I Unity   : [CONFIG:] Found arg json: {
08-02 13:21:50.542  8669  8695 I Unity   :     "args": [
08-02 13:21:50.542  8669  8695 I Unity   : 	"-deploymentID",
08-02 13:21:50.542  8669  8695 I Unity   :         "1",
08-02 13:21:50.542  8669  8695 I Unity   :         "-remoteConfig",
08-02 13:21:50.542  8669  8695 I Unity   : 	"-deploymentURL",
08-02 13:21:50.542  8669  8695 I Unity   : 	"192.168.1.141",
08-02 13:21:50.542  8669  8695 I Unity   : 	"-logStats",
08-02 13:21:50.542  8669  8695 I Unity   : 	"True",
08-02 13:21:50.542  8669  8695 I Unity   : 	"-renderDist",
08-02 13:21:50.542  8669  8695 I Unity   : 	"3",
08-02 13:21:50.542  8669  8695 I Unity   : 	"-emulationType",
08-02 13:21:50.542  8669  8695 I Unity   : 	"playback",
08-02 13:21:50.542  8669  8695 I Unity   : 	"-emulationFile",
08-02 13:21:50.542  8669  8695 I Unity   : 	"experimentTrace"
08-02 13:21:50.542  8669  8695 I Unity   :     ]
08-02 13:21:50.542  8669  8695 I Unity   : }
08-02 13:21:50.542  8669  8695 I Unity   : PolkaDOTS.Configuration.CmdArgsReader:getArgsFromJson()
08-02 13:21:50.542  8669  8695 I Unity   : PolkaDOTS.Configuration.CmdArgsReader:GetCommandlineArgs()
08-02 13:21:50.542  8669  8695 I Unity   : PolkaDOTS.Configuration.CmdArgsReader:ParseCmdArgs()
08-02 13:21:50.542  8669  8695 I Unity   : PolkaDOTS.Bootstrap.GameBootstrap:Initialize(String)
08-02 13:21:50.542  8669  8695 I Unity   : Unity.Entities.CustomWorldInitialization:Initialize(String, Boolean)
08-02 13:21:50.542  8669  8695 I Unity   : 
08-02 13:21:50.575  8669  8695 I Unity   : [CONFIG:] Found args: System.String[]
08-02 13:21:50.575  8669  8695 I Unity   : PolkaDOTS.Configuration.CmdArgsReader:getArgsFromJson()
08-02 13:21:50.575  8669  8695 I Unity   : PolkaDOTS.Configuration.CmdArgsReader:GetCommandlineArgs()
08-02 13:21:50.575  8669  8695 I Unity   : PolkaDOTS.Configuration.CmdArgsReader:ParseCmdArgs()
08-02 13:21:50.575  8669  8695 I Unity   : PolkaDOTS.Bootstrap.GameBootstrap:Initialize(String)
08-02 13:21:50.575  8669  8695 I Unity   : Unity.Entities.CustomWorldInitialization:Initialize(String, Boolean)
08-02 13:21:50.575  8669  8695 I Unity   : 
08-02 13:21:50.575  8669  8695 I Unity   : running with arguments: System.String[]
08-02 13:21:50.575  8669  8695 I Unity   : PolkaDOTS.Configuration.CmdArgsReader:GetCommandlineArgs()
08-02 13:21:50.575  8669  8695 I Unity   : PolkaDOTS.Configuration.CmdArgsReader:ParseCmdArgs()
08-02 13:21:50.575  8669  8695 I Unity   : PolkaDOTS.Bootstrap.GameBootstrap:Initialize(String)
08-02 13:21:50.575  8669  8695 I Unity   : Unity.Entities.CustomWorldInitialization:Initialize(String, Boolean)
08-02 13:21:50.575  8669  8695 I Unity   : 
08-02 13:21:50.576  8669  8695 I Unity   : Parsing args: -deploymentID, 1, -remoteConfig, -deploymentURL, 192.168.1.141, -logStats, True, -renderDist, 3, -emulationType, playback, -emulationFile, experimentTrace
08-02 13:21:50.576  8669  8695 I Unity   : PolkaDOTS.Configuration.CmdArgsReader:ParseCmdArgs()
08-02 13:21:50.576  8669  8695 I Unity   : PolkaDOTS.Bootstrap.GameBootstrap:Initialize(String)
08-02 13:21:50.576  8669  8695 I Unity   : Unity.Entities.CustomWorldInitialization:Initialize(String, Boolean)
08-02 13:21:50.576  8669  8695 I Unity   : 
08-02 13:21:50.622  8669  8695 I Unity   : Creating deployment world
08-02 13:21:50.622  8669  8695 I Unity   : PolkaDOTS.Bootstrap.GameBootstrap:SetupDeploymentServiceWorld()
08-02 13:21:50.622  8669  8695 I Unity   : PolkaDOTS.Bootstrap.GameBootstrap:Initialize(String)
08-02 13:21:50.622  8669  8695 I Unity   : Unity.Entities.CustomWorldInitialization:Initialize(String, Boolean)
08-02 13:21:50.622  8669  8695 I Unity   : 
08-02 13:21:50.714  8669  8695 E Unity   : Multiple custom ICustomBootstrap specified, ignoring PolkaDOTS.Bootstrap.GameBootstrap
08-02 13:21:50.714  8669  8695 E Unity   :  #0 0x7da71dd1a8 (libunity.so) GetStacktrace(int) 0x44
08-02 13:21:50.714  8669  8695 E Unity   :  #1 0x7da78aedb0 (libunity.so) DebugStringToFile(DebugStringToFileData const&) 0x234
08-02 13:21:50.714  8669  8695 E Unity   :  #2 0x7da6ce4a38 (libunity.so) DebugLogHandler::Internal_Log(LogType, LogOption, core::basic_string<char, core::StringStorageDefault<char> > const&, Object*) 0x9c
08-02 13:21:50.714  8669  8695 E Unity   :  #3 0x7da6ce4948 (libunity.so) DebugLogHandler_CUSTOM_Internal_Log(LogType, LogOption, ScriptingBackendNativeStringPtrOpaque*, ScriptingBackendNativeObjectPtrOpaque*) 0x128
08-02 13:21:50.714  8669  8695 E Unity   :  #4 0x7d8b580368 (libil2cpp.so) ? 0x0
08-02 13:21:50.714  8669  8695 E Unity   :  #5 0x7d8b57fdd4 (libil2cpp.so) ? 0x0
08-02 13:21:50.714  8669  8695 E Unity   :  #6 0x7d882a6e30 (libil2cpp.so) ? 0x0
08-02 13:21:50.714  8669  8695 E Unity   :  #7 0x7d882a6d7c (libil2cpp.so) ? 0x0
08-02 13:21:50.714  8669  8695 E Unity   :  #8 0x7da70a0330 (libunity.so) scripting_method_invoke(ScriptingMethodPtr, ScriptingObjectPtr, ScriptingArguments&, ScriptingExceptionPtr*, bool) 0xb0
08-02 13:21:50.714  8669  8695 E Unity   :  #9 0x7da70b311c (libunity.so) ScriptingInvocation::Invoke(ScriptingExceptionPtr*, bool) 0x9c
08-02 13:21:50.714  8669  8695 E Unity   :  #10 0x7da6f2c984 (libunity.so) RuntimeInitializeOnLoadManager:
08-02 13:21:50.803  8669  8695 I Unity   : MESHING SYSTEM IS ACTIVE
08-02 13:21:50.803  8669  8695 I Unity   : Opencraft.Rendering.TerrainMeshingSystem:OnCreate()
08-02 13:21:50.803  8669  8695 I Unity   : Unity.Entities.ComponentSystemBase:CreateInstance(World)
08-02 13:21:50.803  8669  8695 I Unity   : Unity.Entities.World:AddSystem_OnCreate_Internal(ComponentSystemBase)
08-02 13:21:50.803  8669  8695 I Unity   : Unity.Entities.World:GetOrCreateSystemsAndLogException(NativeList`1, Int32, AllocatorHandle)
08-02 13:21:50.803  8669  8695 I Unity   : Unity.Entities.DefaultWorldInitialization:AddSystemToRootLevelSystemGroupsInternal(World, NativeList`1, ComponentSystemGroup, T)
08-02 13:21:50.803  8669  8695 I Unity   : Unity.Entities.DefaultWorldInitialization:AddSystemToRootLevelSystemGroupsInternal(World, NativeList`1)
08-02 13:21:50.803  8669  8695 I Unity   : Unity.Entities.DefaultWorldInitialization:AddSystemsToRootLevelSystemGroups(World, IReadOnlyList`1)
08-02 13:21:50.803  8669  8695 I Unity   : Unity.NetCode.ClientServerBootstrap:CreateClientWorld(String)
08-02 13:21:50.803  8669  8695 I Unity   : Unity.NetCode.ClientServerBootstrap:Initialize(String)
08-02 13:21:50.803  8669  8695 I Unity   : Unity.Entities.DefaultWorldInitialization:Initialize(String, Boolean)
08-02 13:21:50.803  8669  8695 I Unity   : 
08-02 13:21:50.815  8669  8695 I Unity   : Setting spatial voice limit: 64
08-02 13:21:50.815  8669  8695 I Unity   : MetaXRAudioSource:OnBeforeSceneLoadRuntimeMethod()
08-02 13:21:50.815  8669  8695 I Unity   : 
08-02 13:21:50.828  8669  8695 I Unity   : Creating statistics writer!
08-02 13:21:50.828  8669  8695 I Unity   : PolkaDOTS.Statistics.StatisticsWriterInstance:Awake()
08-02 13:21:50.828  8669  8695 I Unity   : 
08-02 13:21:50.830  8669  8695 W Unity   : Recorder [GameServer Opencraft.Terrain.TerrainGenerationSystem] is invalid!
08-02 13:21:50.830  8669  8695 W Unity   :  #0 0x7da71dd1a8 (libunity.so) GetStacktrace(int) 0x44
08-02 13:21:50.830  8669  8695 W Unity   :  #1 0x7da78aedb0 (libunity.so) DebugStringToFile(DebugStringToFileData const&) 0x234
08-02 13:21:50.830  8669  8695 W Unity   :  #2 0x7da6ce4a38 (libunity.so) DebugLogHandler::Internal_Log(LogType, LogOption, core::basic_string<char, core::StringStorageDefault<char> > const&, Object*) 0x9c
08-02 13:21:50.830  8669  8695 W Unity   :  #3 0x7da6ce4948 (libunity.so) DebugLogHandler_CUSTOM_Internal_Log(LogType, LogOption, ScriptingBackendNativeStringPtrOpaque*, ScriptingBackendNativeObjectPtrOpaque*) 0x128
08-02 13:21:50.830  8669  8695 W Unity   :  #4 0x7d8b01be88 (libil2cpp.so) ? 0x0
08-02 13:21:50.830  8669  8695 W Unity   :  #5 0x7d8b01b7d0 (libil2cpp.so) ? 0x0
08-02 13:21:50.830  8669  8695 W Unity   :  #6 0x7d882a6e30 (libil2cpp.so) ? 0x0
08-02 13:21:50.830  8669  8695 W Unity   :  #7 0x7d882a6d7c (libil2cpp.so) ? 0x0
08-02 13:21:50.830  8669  8695 W Unity   :  #8 0x7da70a0330 (libunity.so) scripting_method_invoke(ScriptingMethodPtr, ScriptingObjectPtr, ScriptingArguments&, ScriptingExceptionPtr*, bool) 0xb0
08-02 13:21:50.830  8669  8695 W Unity   :  #9 0x7da70b311c (libunity.so) ScriptingInvocation::Invoke(ScriptingExceptionPtr*, bool) 0x9c
08-02 13:21:50.830  8669  8695 W Unity   :  #10 0x7da70b5f2c (libunity.so) ScriptingInvocation::InvokeChecked(Scripti
08-02 13:21:50.830  8669  8695 W Unity   : Recorder [GameServer Opencraft.Terrain.TerrainToSpawn] is invalid!
08-02 13:21:50.830  8669  8695 W Unity   :  #0 0x7da71dd1a8 (libunity.so) GetStacktrace(int) 0x44
08-02 13:21:50.830  8669  8695 W Unity   :  #1 0x7da78aedb0 (libunity.so) DebugStringToFile(DebugStringToFileData const&) 0x234
08-02 13:21:50.830  8669  8695 W Unity   :  #2 0x7da6ce4a38 (libunity.so) DebugLogHandler::Internal_Log(LogType, LogOption, core::basic_string<char, core::StringStorageDefault<char> > const&, Object*) 0x9c
08-02 13:21:50.830  8669  8695 W Unity   :  #3 0x7da6ce4948 (libunity.so) DebugLogHandler_CUSTOM_Internal_Log(LogType, LogOption, ScriptingBackendNativeStringPtrOpaque*, ScriptingBackendNativeObjectPtrOpaque*) 0x128
08-02 13:21:50.830  8669  8695 W Unity   :  #4 0x7d8b01be88 (libil2cpp.so) ? 0x0
08-02 13:21:50.830  8669  8695 W Unity   :  #5 0x7d8b01b7d0 (libil2cpp.so) ? 0x0
08-02 13:21:50.830  8669  8695 W Unity   :  #6 0x7d882a6e30 (libil2cpp.so) ? 0x0
08-02 13:21:50.830  8669  8695 W Unity   :  #7 0x7d882a6d7c (libil2cpp.so) ? 0x0
08-02 13:21:50.830  8669  8695 W Unity   :  #8 0x7da70a0330 (libunity.so) scripting_method_invoke(ScriptingMethodPtr, ScriptingObjectPtr, ScriptingArguments&, ScriptingExceptionPtr*, bool) 0xb0
08-02 13:21:50.830  8669  8695 W Unity   :  #9 0x7da70b311c (libunity.so) ScriptingInvocation::Invoke(ScriptingExceptionPtr*, bool) 0x9c
08-02 13:21:50.830  8669  8695 W Unity   :  #10 0x7da70b5f2c (libunity.so) ScriptingInvocation::InvokeChecked(ScriptingExcepti
08-02 13:21:50.831  8669  8695 W Unity   : Recorder [GameServer Opencraft.Terrain.TerrainStructuresSystem] is invalid!
08-02 13:21:50.831  8669  8695 W Unity   :  #0 0x7da71dd1a8 (libunity.so) GetStacktrace(int) 0x44
08-02 13:21:50.831  8669  8695 W Unity   :  #1 0x7da78aedb0 (libunity.so) DebugStringToFile(DebugStringToFileData const&) 0x234
08-02 13:21:50.831  8669  8695 W Unity   :  #2 0x7da6ce4a38 (libunity.so) DebugLogHandler::Internal_Log(LogType, LogOption, core::basic_string<char, core::StringStorageDefault<char> > const&, Object*) 0x9c
08-02 13:21:50.831  8669  8695 W Unity   :  #3 0x7da6ce4948 (libunity.so) DebugLogHandler_CUSTOM_Internal_Log(LogType, LogOption, ScriptingBackendNativeStringPtrOpaque*, ScriptingBackendNativeObjectPtrOpaque*) 0x128
08-02 13:21:50.831  8669  8695 W Unity   :  #4 0x7d8b01be88 (libil2cpp.so) ? 0x0
08-02 13:21:50.831  8669  8695 W Unity   :  #5 0x7d8b01b7d0 (libil2cpp.so) ? 0x0
08-02 13:21:50.831  8669  8695 W Unity   :  #6 0x7d882a6e30 (libil2cpp.so) ? 0x0
08-02 13:21:50.831  8669  8695 W Unity   :  #7 0x7d882a6d7c (libil2cpp.so) ? 0x0
08-02 13:21:50.831  8669  8695 W Unity   :  #8 0x7da70a0330 (libunity.so) scripting_method_invoke(ScriptingMethodPtr, ScriptingObjectPtr, ScriptingArguments&, ScriptingExceptionPtr*, bool) 0xb0
08-02 13:21:50.831  8669  8695 W Unity   :  #9 0x7da70b311c (libunity.so) ScriptingInvocation::Invoke(ScriptingExceptionPtr*, bool) 0x9c
08-02 13:21:50.831  8669  8695 W Unity   :  #10 0x7da70b5f2c (libunity.so) ScriptingInvocation::InvokeChecked(Scripti
08-02 13:21:50.831  8669  8695 W Unity   : Recorder [GameClient Opencraft.Player.PlayerMovementSystem] is invalid!
08-02 13:21:50.831  8669  8695 W Unity   :  #0 0x7da71dd1a8 (libunity.so) GetStacktrace(int) 0x44
08-02 13:21:50.831  8669  8695 W Unity   :  #1 0x7da78aedb0 (libunity.so) DebugStringToFile(DebugStringToFileData const&) 0x234
08-02 13:21:50.831  8669  8695 W Unity   :  #2 0x7da6ce4a38 (libunity.so) DebugLogHandler::Internal_Log(LogType, LogOption, core::basic_string<char, core::StringStorageDefault<char> > const&, Object*) 0x9c
08-02 13:21:50.831  8669  8695 W Unity   :  #3 0x7da6ce4948 (libunity.so) DebugLogHandler_CUSTOM_Internal_Log(LogType, LogOption, ScriptingBackendNativeStringPtrOpaque*, ScriptingBackendNativeObjectPtrOpaque*) 0x128
08-02 13:21:50.831  8669  8695 W Unity   :  #4 0x7d8b01be88 (libil2cpp.so) ? 0x0
08-02 13:21:50.831  8669  8695 W Unity   :  #5 0x7d8b01b7d0 (libil2cpp.so) ? 0x0
08-02 13:21:50.831  8669  8695 W Unity   :  #6 0x7d882a6e30 (libil2cpp.so) ? 0x0
08-02 13:21:50.831  8669  8695 W Unity   :  #7 0x7d882a6d7c (libil2cpp.so) ? 0x0
08-02 13:21:50.831  8669  8695 W Unity   :  #8 0x7da70a0330 (libunity.so) scripting_method_invoke(ScriptingMethodPtr, ScriptingObjectPtr, ScriptingArguments&, ScriptingExceptionPtr*, bool) 0xb0
08-02 13:21:50.831  8669  8695 W Unity   :  #9 0x7da70b311c (libunity.so) ScriptingInvocation::Invoke(ScriptingExceptionPtr*, bool) 0x9c
08-02 13:21:50.831  8669  8695 W Unity   :  #10 0x7da70b5f2c (libunity.so) ScriptingInvocation::InvokeChecked(ScriptingEx
08-02 13:21:50.831  8669  8695 W Unity   : Recorder [GameServer Opencraft.Player.PlayerMovementSystem] is invalid!
08-02 13:21:50.831  8669  8695 W Unity   :  #0 0x7da71dd1a8 (libunity.so) GetStacktrace(int) 0x44
08-02 13:21:50.831  8669  8695 W Unity   :  #1 0x7da78aedb0 (libunity.so) DebugStringToFile(DebugStringToFileData const&) 0x234
08-02 13:21:50.831  8669  8695 W Unity   :  #2 0x7da6ce4a38 (libunity.so) DebugLogHandler::Internal_Log(LogType, LogOption, core::basic_string<char, core::StringStorageDefault<char> > const&, Object*) 0x9c
08-02 13:21:50.831  8669  8695 W Unity   :  #3 0x7da6ce4948 (libunity.so) DebugLogHandler_CUSTOM_Internal_Log(LogType, LogOption, ScriptingBackendNativeStringPtrOpaque*, ScriptingBackendNativeObjectPtrOpaque*) 0x128
08-02 13:21:50.831  8669  8695 W Unity   :  #4 0x7d8b01be88 (libil2cpp.so) ? 0x0
08-02 13:21:50.831  8669  8695 W Unity   :  #5 0x7d8b01b7d0 (libil2cpp.so) ? 0x0
08-02 13:21:50.831  8669  8695 W Unity   :  #6 0x7d882a6e30 (libil2cpp.so) ? 0x0
08-02 13:21:50.831  8669  8695 W Unity   :  #7 0x7d882a6d7c (libil2cpp.so) ? 0x0
08-02 13:21:50.831  8669  8695 W Unity   :  #8 0x7da70a0330 (libunity.so) scripting_method_invoke(ScriptingMethodPtr, ScriptingObjectPtr, ScriptingArguments&, ScriptingExceptionPtr*, bool) 0xb0
08-02 13:21:50.831  8669  8695 W Unity   :  #9 0x7da70b311c (libunity.so) ScriptingInvocation::Invoke(ScriptingExceptionPtr*, bool) 0x9c
08-02 13:21:50.831  8669  8695 W Unity   :  #10 0x7da70b5f2c (libunity.so) ScriptingInvocation::InvokeChecked(ScriptingEx
08-02 13:21:50.832  8669  8695 W Unity   : Recorder [GameClient Unity.Entities.SimulationSystemGroup] is invalid!
08-02 13:21:50.832  8669  8695 W Unity   :  #0 0x7da71dd1a8 (libunity.so) GetStacktrace(int) 0x44
08-02 13:21:50.832  8669  8695 W Unity   :  #1 0x7da78aedb0 (libunity.so) DebugStringToFile(DebugStringToFileData const&) 0x234
08-02 13:21:50.832  8669  8695 W Unity   :  #2 0x7da6ce4a38 (libunity.so) DebugLogHandler::Internal_Log(LogType, LogOption, core::basic_string<char, core::StringStorageDefault<char> > const&, Object*) 0x9c
08-02 13:21:50.832  8669  8695 W Unity   :  #3 0x7da6ce4948 (libunity.so) DebugLogHandler_CUSTOM_Internal_Log(LogType, LogOption, ScriptingBackendNativeStringPtrOpaque*, ScriptingBackendNativeObjectPtrOpaque*) 0x128
08-02 13:21:50.832  8669  8695 W Unity   :  #4 0x7d8b01be88 (libil2cpp.so) ? 0x0
08-02 13:21:50.832  8669  8695 W Unity   :  #5 0x7d8b01b7d0 (libil2cpp.so) ? 0x0
08-02 13:21:50.832  8669  8695 W Unity   :  #6 0x7d882a6e30 (libil2cpp.so) ? 0x0
08-02 13:21:50.832  8669  8695 W Unity   :  #7 0x7d882a6d7c (libil2cpp.so) ? 0x0
08-02 13:21:50.832  8669  8695 W Unity   :  #8 0x7da70a0330 (libunity.so) scripting_method_invoke(ScriptingMethodPtr, ScriptingObjectPtr, ScriptingArguments&, ScriptingExceptionPtr*, bool) 0xb0
08-02 13:21:50.832  8669  8695 W Unity   :  #9 0x7da70b311c (libunity.so) ScriptingInvocation::Invoke(ScriptingExceptionPtr*, bool) 0x9c
08-02 13:21:50.832  8669  8695 W Unity   :  #10 0x7da70b5f2c (libunity.so) ScriptingInvocation::InvokeChecked(ScriptingExc
08-02 13:21:50.832  8669  8695 W Unity   : Recorder [GameServer Unity.Entities.SimulationSystemGroup] is invalid!
08-02 13:21:50.832  8669  8695 W Unity   :  #0 0x7da71dd1a8 (libunity.so) GetStacktrace(int) 0x44
08-02 13:21:50.832  8669  8695 W Unity   :  #1 0x7da78aedb0 (libunity.so) DebugStringToFile(DebugStringToFileData const&) 0x234
08-02 13:21:50.832  8669  8695 W Unity   :  #2 0x7da6ce4a38 (libunity.so) DebugLogHandler::Internal_Log(LogType, LogOption, core::basic_string<char, core::StringStorageDefault<char> > const&, Object*) 0x9c
08-02 13:21:50.832  8669  8695 W Unity   :  #3 0x7da6ce4948 (libunity.so) DebugLogHandler_CUSTOM_Internal_Log(LogType, LogOption, ScriptingBackendNativeStringPtrOpaque*, ScriptingBackendNativeObjectPtrOpaque*) 0x128
08-02 13:21:50.832  8669  8695 W Unity   :  #4 0x7d8b01be88 (libil2cpp.so) ? 0x0
08-02 13:21:50.832  8669  8695 W Unity   :  #5 0x7d8b01b7d0 (libil2cpp.so) ? 0x0
08-02 13:21:50.832  8669  8695 W Unity   :  #6 0x7d882a6e30 (libil2cpp.so) ? 0x0
08-02 13:21:50.832  8669  8695 W Unity   :  #7 0x7d882a6d7c (libil2cpp.so) ? 0x0
08-02 13:21:50.832  8669  8695 W Unity   :  #8 0x7da70a0330 (libunity.so) scripting_method_invoke(ScriptingMethodPtr, ScriptingObjectPtr, ScriptingArguments&, ScriptingExceptionPtr*, bool) 0xb0
08-02 13:21:50.832  8669  8695 W Unity   :  #9 0x7da70b311c (libunity.so) ScriptingInvocation::Invoke(ScriptingExceptionPtr*, bool) 0x9c
08-02 13:21:50.832  8669  8695 W Unity   :  #10 0x7da70b5f2c (libunity.so) ScriptingInvocation::InvokeChecked(ScriptingExc
08-02 13:21:50.832  8669  8695 W Unity   : Recorder [UnityEngine.CoreModule.dll!::UpdateFunction.Invoke() [Invoke]] is invalid!
08-02 13:21:50.832  8669  8695 W Unity   :  #0 0x7da71dd1a8 (libunity.so) GetStacktrace(int) 0x44
08-02 13:21:50.832  8669  8695 W Unity   :  #1 0x7da78aedb0 (libunity.so) DebugStringToFile(DebugStringToFileData const&) 0x234
08-02 13:21:50.832  8669  8695 W Unity   :  #2 0x7da6ce4a38 (libunity.so) DebugLogHandler::Internal_Log(LogType, LogOption, core::basic_string<char, core::StringStorageDefault<char> > const&, Object*) 0x9c
08-02 13:21:50.832  8669  8695 W Unity   :  #3 0x7da6ce4948 (libunity.so) DebugLogHandler_CUSTOM_Internal_Log(LogType, LogOption, ScriptingBackendNativeStringPtrOpaque*, ScriptingBackendNativeObjectPtrOpaque*) 0x128
08-02 13:21:50.832  8669  8695 W Unity   :  #4 0x7d8b01be88 (libil2cpp.so) ? 0x0
08-02 13:21:50.832  8669  8695 W Unity   :  #5 0x7d8b01b7d0 (libil2cpp.so) ? 0x0
08-02 13:21:50.832  8669  8695 W Unity   :  #6 0x7d882a6e30 (libil2cpp.so) ? 0x0
08-02 13:21:50.832  8669  8695 W Unity   :  #7 0x7d882a6d7c (libil2cpp.so) ? 0x0
08-02 13:21:50.832  8669  8695 W Unity   :  #8 0x7da70a0330 (libunity.so) scripting_method_invoke(ScriptingMethodPtr, ScriptingObjectPtr, ScriptingArguments&, ScriptingExceptionPtr*, bool) 0xb0
08-02 13:21:50.832  8669  8695 W Unity   :  #9 0x7da70b311c (libunity.so) ScriptingInvocation::Invoke(ScriptingExceptionPtr*, bool) 0x9c
08-02 13:21:50.832  8669  8695 W Unity   :  #10 0x7da70b5f2c (libunity.so) ScriptingInvocation::InvokeChecke
08-02 13:21:50.833  8669  8695 W Unity   : Recorder [Number of Terrain Areas (Client)] is invalid!
08-02 13:21:50.833  8669  8695 W Unity   :  #0 0x7da71dd1a8 (libunity.so) GetStacktrace(int) 0x44
08-02 13:21:50.833  8669  8695 W Unity   :  #1 0x7da78aedb0 (libunity.so) DebugStringToFile(DebugStringToFileData const&) 0x234
08-02 13:21:50.833  8669  8695 W Unity   :  #2 0x7da6ce4a38 (libunity.so) DebugLogHandler::Internal_Log(LogType, LogOption, core::basic_string<char, core::StringStorageDefault<char> > const&, Object*) 0x9c
08-02 13:21:50.833  8669  8695 W Unity   :  #3 0x7da6ce4948 (libunity.so) DebugLogHandler_CUSTOM_Internal_Log(LogType, LogOption, ScriptingBackendNativeStringPtrOpaque*, ScriptingBackendNativeObjectPtrOpaque*) 0x128
08-02 13:21:50.833  8669  8695 W Unity   :  #4 0x7d8b01be88 (libil2cpp.so) ? 0x0
08-02 13:21:50.833  8669  8695 W Unity   :  #5 0x7d8b01b7d0 (libil2cpp.so) ? 0x0
08-02 13:21:50.833  8669  8695 W Unity   :  #6 0x7d882a6e30 (libil2cpp.so) ? 0x0
08-02 13:21:50.833  8669  8695 W Unity   :  #7 0x7d882a6d7c (libil2cpp.so) ? 0x0
08-02 13:21:50.833  8669  8695 W Unity   :  #8 0x7da70a0330 (libunity.so) scripting_method_invoke(ScriptingMethodPtr, ScriptingObjectPtr, ScriptingArguments&, ScriptingExceptionPtr*, bool) 0xb0
08-02 13:21:50.833  8669  8695 W Unity   :  #9 0x7da70b311c (libunity.so) ScriptingInvocation::Invoke(ScriptingExceptionPtr*, bool) 0x9c
08-02 13:21:50.833  8669  8695 W Unity   :  #10 0x7da70b5f2c (libunity.so) ScriptingInvocation::InvokeChecked(ScriptingExceptionPtr*) 0x3
08-02 13:21:50.833  8669  8695 W Unity   : Recorder [Number of Terrain Areas (Server)] is invalid!
08-02 13:21:50.833  8669  8695 W Unity   :  #0 0x7da71dd1a8 (libunity.so) GetStacktrace(int) 0x44
08-02 13:21:50.833  8669  8695 W Unity   :  #1 0x7da78aedb0 (libunity.so) DebugStringToFile(DebugStringToFileData const&) 0x234
08-02 13:21:50.833  8669  8695 W Unity   :  #2 0x7da6ce4a38 (libunity.so) DebugLogHandler::Internal_Log(LogType, LogOption, core::basic_string<char, core::StringStorageDefault<char> > const&, Object*) 0x9c
08-02 13:21:50.833  8669  8695 W Unity   :  #3 0x7da6ce4948 (libunity.so) DebugLogHandler_CUSTOM_Internal_Log(LogType, LogOption, ScriptingBackendNativeStringPtrOpaque*, ScriptingBackendNativeObjectPtrOpaque*) 0x128
08-02 13:21:50.833  8669  8695 W Unity   :  #4 0x7d8b01be88 (libil2cpp.so) ? 0x0
08-02 13:21:50.833  8669  8695 W Unity   :  #5 0x7d8b01b7d0 (libil2cpp.so) ? 0x0
08-02 13:21:50.833  8669  8695 W Unity   :  #6 0x7d882a6e30 (libil2cpp.so) ? 0x0
08-02 13:21:50.833  8669  8695 W Unity   :  #7 0x7d882a6d7c (libil2cpp.so) ? 0x0
08-02 13:21:50.833  8669  8695 W Unity   :  #8 0x7da70a0330 (libunity.so) scripting_method_invoke(ScriptingMethodPtr, ScriptingObjectPtr, ScriptingArguments&, ScriptingExceptionPtr*, bool) 0xb0
08-02 13:21:50.833  8669  8695 W Unity   :  #9 0x7da70b311c (libunity.so) ScriptingInvocation::Invoke(ScriptingExceptionPtr*, bool) 0x9c
08-02 13:21:50.833  8669  8695 W Unity   :  #10 0x7da70b5f2c (libunity.so) ScriptingInvocation::InvokeChecked(ScriptingExceptionPtr*) 0x3
08-02 13:21:50.834  8669  8695 I Unity   : [STATISTIC]Frame Number;Main Thread;PlayerLoop;System Used Memory;GC Reserved Memory;Total Reserved Memory;GameServer Opencraft.Terrain.TerrainGenerationSystem;GameServer Opencraft.Terrain.TerrainToSpawn;GameServer Opencraft.Terrain.TerrainStructuresSystem;terrainMeshingSys;GameClient Opencraft.Player.PlayerMovementSystem;GameServer Opencraft.Player.PlayerMovementSystem;ServerFixedUpdate;SetAreaNeighborsJob (Burst);SetAreaNeighborsJob;GhostUpdateSystem:UpdateJob (Burst);GhostUpdateJobCustom;GhostUpdateSystem:UpdateJob;Idle;OculusRuntime.WaitToBeginFrame;GameClient Unity.Entities.SimulationSystemGroup;GameServer Unity.Entities.SimulationSystemGroup;UnityEngine.CoreModule.dll!::UpdateFunction.Invoke() [Invoke];PostLateUpdate.FinishFrameRendering;Number of Terrain Areas (Client);Number of Terrain Areas (Server);dtime;
08-02 13:21:50.834  8669  8695 I Unity   : PolkaDOTS.Statistics.StatisticsWriter:setUpFile()
08-02 13:21:50.834  8669  8695 I Unity   : PolkaDOTS.Statistics.StatisticsWriter:.ctor()
08-02 13:21:50.834  8669  8695 I Unity   : PolkaDOTS.Statistics.StatisticsWriterInstance:Awake()
08-02 13:21:50.834  8669  8695 I Unity   : 
08-02 13:21:50.836  8669  8695 I Unity   : Initializing multiplay!
08-02 13:21:50.836  8669  8695 I Unity   : PolkaDOTS.Multiplay.MultiplaySingleton:Awake()
08-02 13:21:50.836  8669  8695 I Unity   : 
08-02 13:21:50.840  8669  8695 I Unity   : Found non-specified codec: VP8 Internal video/VP8 implementation_name=Internal
08-02 13:21:50.840  8669  8695 I Unity   : PolkaDOTS.Multiplay.MultiplaySettingsManager:Initialize()
08-02 13:21:50.840  8669  8695 I Unity   : PolkaDOTS.Multiplay.Multiplay:InitSettings()
08-02 13:21:50.840  8669  8695 I Unity   : 
08-02 13:21:50.841  8669  8695 I Unity   : Found codec: VP9 Profile0
08-02 13:21:50.841  8669  8695 I Unity   : PolkaDOTS.Multiplay.MultiplaySettingsManager:Initialize()
08-02 13:21:50.841  8669  8695 I Unity   : PolkaDOTS.Multiplay.Multiplay:InitSettings()
08-02 13:21:50.841  8669  8695 I Unity   : 
08-02 13:21:50.841  8669  8695 I Unity   : Found codec: VP9 Profile1
08-02 13:21:50.841  8669  8695 I Unity   : PolkaDOTS.Multiplay.MultiplaySettingsManager:Initialize()
